[INFO] Scanning for projects...
[INFO] 
[INFO] --------------------------< com.example:Baza >--------------------------
[INFO] Building Baza 0.0.1-SNAPSHOT
[INFO]   from pom.xml
[INFO] --------------------------------[ jar ]---------------------------------
[INFO] 
[INFO] >>> spring-boot:4.1.0:run (default-cli) > test-compile @ Baza >>>
[INFO] 
[INFO] --- resources:3.5.0:resources (default-resources) @ Baza ---
[INFO] Copying 1 resource from src\main\resources to target\classes
[INFO] Copying 28 resources from src\main\resources to target\classes
[INFO] 
[INFO] --- compiler:3.15.0:compile (default-compile) @ Baza ---
[INFO] Nothing to compile - all classes are up to date.
[INFO] 
[INFO] --- resources:3.5.0:testResources (default-testResources) @ Baza ---
[INFO] skip non existing resourceDirectory C:\Users\Azamat\Desktop\baza\src\test\resources
[INFO] 
[INFO] --- compiler:3.15.0:testCompile (default-testCompile) @ Baza ---
[INFO] Nothing to compile - all classes are up to date.
[INFO] 
[INFO] <<< spring-boot:4.1.0:run (default-cli) < test-compile @ Baza <<<
[INFO] 
[INFO] 
[INFO] --- spring-boot:4.1.0:run (default-cli) @ Baza ---
[INFO] Attaching agents: []

  .   ____          _            __ _ _
 /\\ / ___'_ __ _ _(_)_ __  __ _ \ \ \ \
( ( )\___ | '_ | '_| | '_ \/ _` | \ \ \ \
 \\/  ___)| |_)| | | | | || (_| |  ) ) ) )
  '  |____| .__|_| |_|_| |_\__, | / / / /
 =========|_|==============|___/=/_/_/_/

 :: Spring Boot ::                (v4.1.0)

2026-08-15T10:32:38.359+05:00  INFO 4732 --- [Baza] [           main] com.example.baza.BazaApplication         : Starting BazaApplication using Java 26.0.1 with PID 4732 (C:\Users\Azamat\Desktop\baza\target\classes started by Azamat in C:\Users\Azamat\Desktop\baza)
2026-08-15T10:32:38.362+05:00  INFO 4732 --- [Baza] [           main] com.example.baza.BazaApplication         : No active profile set, falling back to 1 default profile: "default"
2026-08-15T10:32:39.272+05:00  INFO 4732 --- [Baza] [           main] .s.d.r.c.RepositoryConfigurationDelegate : Bootstrapping Spring Data JPA repositories in DEFAULT mode.
2026-08-15T10:32:39.404+05:00  INFO 4732 --- [Baza] [           main] .s.d.r.c.RepositoryConfigurationDelegate : Finished Spring Data repository scanning in 123 ms. Found 13 JPA repository interfaces.
2026-08-15T10:32:40.088+05:00  INFO 4732 --- [Baza] [           main] o.s.boot.tomcat.TomcatWebServer          : Tomcat initialized with port 80 (http)
2026-08-15T10:32:40.103+05:00  INFO 4732 --- [Baza] [           main] o.apache.catalina.core.StandardService   : Starting service [Tomcat]
2026-08-15T10:32:40.104+05:00  INFO 4732 --- [Baza] [           main] o.apache.catalina.core.StandardEngine    : Starting Servlet engine: [Apache Tomcat/11.0.22]
2026-08-15T10:32:40.193+05:00  INFO 4732 --- [Baza] [           main] b.w.c.s.WebApplicationContextInitializer : Root WebApplicationContext: initialization completed in 1778 ms
2026-08-15T10:32:40.438+05:00  INFO 4732 --- [Baza] [           main] org.hibernate.orm.jpa                    : HHH008540: Processing PersistenceUnitInfo [name: default]
2026-08-15T10:32:40.508+05:00  INFO 4732 --- [Baza] [           main] org.hibernate.orm.core                   : HHH000001: Hibernate ORM core version 7.4.1.Final
2026-08-15T10:32:41.098+05:00  INFO 4732 --- [Baza] [           main] o.s.o.j.p.SpringPersistenceUnitInfo      : No LoadTimeWeaver setup: ignoring JPA class transformer
2026-08-15T10:32:41.129+05:00  INFO 4732 --- [Baza] [           main] com.zaxxer.hikari.HikariDataSource       : HikariPool-1 - Starting...
2026-08-15T10:32:41.323+05:00  INFO 4732 --- [Baza] [           main] com.zaxxer.hikari.pool.HikariPool        : HikariPool-1 - Added connection org.postgresql.jdbc.PgConnection@4392362c
2026-08-15T10:32:41.325+05:00  INFO 4732 --- [Baza] [           main] com.zaxxer.hikari.HikariDataSource       : HikariPool-1 - Start completed.
2026-08-15T10:32:41.358+05:00  WARN 4732 --- [Baza] [           main] org.hibernate.orm.deprecation            : HHH90000025: PostgreSQLDialect does not need to be specified explicitly using 'hibernate.dialect' (remove the property setting and it will be selected by default)
2026-08-15T10:32:41.384+05:00  INFO 4732 --- [Baza] [           main] org.hibernate.orm.connections.pooling    : HHH10001005: Database info:
	Database JDBC URL [jdbc:postgresql://localhost:5432/baza]
	Database driver: PostgreSQL JDBC Driver
	Database dialect: PostgreSQLDialect
	Database version: 18.4
	Default catalog/schema: baza/public
	Autocommit mode: undefined/unknown
	Isolation level: READ_COMMITTED [default READ_COMMITTED]
	JDBC fetch size: none
	Pool: DataSourceConnectionProvider
	Minimum pool size: undefined/unknown
	Maximum pool size: undefined/unknown
2026-08-15T10:32:42.917+05:00  INFO 4732 --- [Baza] [           main] org.hibernate.orm.core                   : HHH000489: No JTA platform available (set 'hibernate.transaction.jta.platform' to enable JTA platform integration)
2026-08-15T10:32:43.035+05:00  INFO 4732 --- [Baza] [           main] j.LocalContainerEntityManagerFactoryBean : Initialized JPA EntityManagerFactory for persistence unit 'default'
2026-08-15T10:32:43.106+05:00  INFO 4732 --- [Baza] [           main] o.s.d.j.r.query.QueryEnhancerFactories   : Hibernate is in classpath; If applicable, HQL parser will be used.
2026-08-15T10:32:45.843+05:00  INFO 4732 --- [Baza] [           main] r$InitializeUserDetailsManagerConfigurer : Global AuthenticationManager configured with UserDetailsService bean with name userService
2026-08-15T10:32:46.336+05:00  WARN 4732 --- [Baza] [           main] JpaBaseConfiguration$JpaWebConfiguration : spring.jpa.open-in-view is enabled by default. Therefore, database queries may be performed during view rendering. Explicitly configure spring.jpa.open-in-view to disable this warning
2026-08-15T10:32:46.560+05:00  INFO 4732 --- [Baza] [           main] o.s.b.w.a.WelcomePageHandlerMapping      : Adding welcome page: class path resource [public/index.html]
2026-08-15T10:32:46.884+05:00  INFO 4732 --- [Baza] [           main] o.s.boot.tomcat.TomcatWebServer          : Tomcat started on port 80 (http) with context path '/'
2026-08-15T10:32:46.889+05:00  INFO 4732 --- [Baza] [           main] com.example.baza.BazaApplication         : Started BazaApplication in 8.981 seconds (process running for 9.489)
2026-08-15T10:32:52.085+05:00  INFO 4732 --- [Baza] [p-nio-80-exec-1] o.a.c.c.C.[Tomcat].[localhost].[/]       : Initializing Spring DispatcherServlet 'dispatcherServlet'
2026-08-15T10:32:52.086+05:00  INFO 4732 --- [Baza] [p-nio-80-exec-1] o.s.web.servlet.DispatcherServlet        : Initializing Servlet 'dispatcherServlet'
2026-08-15T10:32:52.088+05:00  INFO 4732 --- [Baza] [p-nio-80-exec-1] o.s.web.servlet.DispatcherServlet        : Completed initialization in 2 ms
CBU kursini olishda xatolik: I/O error on GET request for "https://cbu.uz/uz/arkhiv-kursov-valyut/json/USD/": (certificate_unknown) PKIX path building failed: sun.security.provider.certpath.SunCertPathBuilderException: unable to find valid certification path to requested target
CBU kursini olishda xatolik: I/O error on GET request for "https://cbu.uz/uz/arkhiv-kursov-valyut/json/USD/": (certificate_unknown) PKIX path building failed: sun.security.provider.certpath.SunCertPathBuilderException: unable to find valid certification path to requested target
[INFO] ------------------------------------------------------------------------
[INFO] BUILD FAILURE
[INFO] ------------------------------------------------------------------------
[INFO] Total time:  01:11 min
[INFO] Finished at: 2026-08-15T10:33:45+05:00
[INFO] ------------------------------------------------------------------------
[ERROR] Failed to execute goal org.springframework.boot:spring-boot-maven-plugin:4.1.0:run (default-cli) on project Baza: Process terminated with exit code: -1 -> [Help 1]
[ERROR] 
[ERROR] To see the full stack trace of the errors, re-run Maven with the -e switch.
[ERROR] Re-run Maven using the -X switch to enable full debug logging.
[ERROR] 
[ERROR] For more information about the errors and possible solutions, please read the following articles:
[ERROR] [Help 1] http://cwiki.apache.org/confluence/display/MAVEN/MojoExecutionException
